reading https://huggingface.co/datasets/TIGER-Lab/MMLU-Pro/resolve/main/data/test-00000-of-00001.parquet
wrote 12032 rows -> /home/likefallwind/code/edubenchmark/sources/datasets/mmlu_pro/test.jsonl
reading https://huggingface.co/datasets/Hothan/OlympiadBench/resolve/main/OlympiadBench/OE_MM_maths_en_COMP/OE_MM_maths_en_COMP.parquet
  wrote 150 rows -> /home/likefallwind/code/edubenchmark/sources/datasets/olympiadbench/data/OE_MM_maths_en_COMP.jsonl
reading https://huggingface.co/datasets/Hothan/OlympiadBench/resolve/main/OlympiadBench/OE_MM_maths_zh_CEE/OE_MM_maths_zh_CEE.parquet
  wrote 1910 rows -> /home/likefallwind/code/edubenchmark/sources/datasets/olympiadbench/data/OE_MM_maths_zh_CEE.jsonl
reading https://huggingface.co/datasets/Hothan/OlympiadBench/resolve/main/OlympiadBench/OE_MM_maths_zh_COMP/OE_MM_maths_zh_COMP.parquet
  wrote 56 rows -> /home/likefallwind/code/edubenchmark/sources/datasets/olympiadbench/data/OE_MM_maths_zh_COMP.jsonl
reading https://huggingface.co/datasets/Hothan/OlympiadBench/resolve/main/OlympiadBench/OE_MM_physics_en_COMP/OE_MM_physics_en_COMP.parquet
  wrote 456 rows -> /home/likefallwind/code/edubenchmark/sources/datasets/olympiadbench/data/OE_MM_physics_en_COMP.jsonl
reading https://huggingface.co/datasets/Hothan/OlympiadBench/resolve/main/OlympiadBench/OE_MM_physics_zh_CEE/OE_MM_physics_zh_CEE.parquet
  wrote 1483 rows -> /home/likefallwind/code/edubenchmark/sources/datasets/olympiadbench/data/OE_MM_physics_zh_CEE.jsonl
reading https://huggingface.co/datasets/Hothan/OlympiadBench/resolve/main/OlympiadBench/OE_TO_maths_en_COMP/OE_TO_maths_en_COMP.parquet
  wrote 674 rows -> /home/likefallwind/code/edubenchmark/sources/datasets/olympiadbench/data/OE_TO_maths_en_COMP.jsonl
reading https://huggingface.co/datasets/Hothan/OlympiadBench/resolve/main/OlympiadBench/OE_TO_maths_zh_CEE/OE_TO_maths_zh_CEE.parquet
  wrote 1240 rows -> /home/likefallwind/code/edubenchmark/sources/datasets/olympiadbench/data/OE_TO_maths_zh_CEE.jsonl
reading https://huggingface.co/datasets/Hothan/OlympiadBench/resolve/main/OlympiadBench/OE_TO_maths_zh_COMP/OE_TO_maths_zh_COMP.parquet
  wrote 408 rows -> /home/likefallwind/code/edubenchmark/sources/datasets/olympiadbench/data/OE_TO_maths_zh_COMP.jsonl
reading https://huggingface.co/datasets/Hothan/OlympiadBench/resolve/main/OlympiadBench/OE_TO_physics_en_COMP/OE_TO_physics_en_COMP.parquet
  wrote 236 rows -> /home/likefallwind/code/edubenchmark/sources/datasets/olympiadbench/data/OE_TO_physics_en_COMP.jsonl
reading https://huggingface.co/datasets/Hothan/OlympiadBench/resolve/main/OlympiadBench/OE_TO_physics_zh_CEE/OE_TO_physics_zh_CEE.parquet
  wrote 115 rows -> /home/likefallwind/code/edubenchmark/sources/datasets/olympiadbench/data/OE_TO_physics_zh_CEE.jsonl
OlympiadBench: 6728 OE rows across 10 configs
